// Jest Snapshot v1, https://goo.gl/fbAQLP

exports[`Panel renders correctly positioned at page bottom 1`] = `
<DocumentFragment>
  <div
    class="panel"
    style="height: 200px;"
  >
    <div
      class="handleResize"
    />
  </div>
</DocumentFragment>
`;
