// Jest Snapshot v1, https://goo.gl/fbAQLP

exports[`Card renders card correctly 1`] = `
<DocumentFragment>
  <div
    class="card"
  >
    <div
      class="cardHeader"
    >
      Card Header
    </div>
    <div
      class="cardBody"
    >
      <div
        class="cardTitle"
      >
        Card Title
      </div>
      <div
        class="cardSubtitle"
      >
        Card Subtitle
      </div>
      <p
        class="cardText"
      >
        Card Text
      </p>
    </div>
  </div>
</DocumentFragment>
`;
